// Jest Snapshot v1, https://goo.gl/fbAQLP

exports[`<CartItem /> should render quantity 1 1`] = `
.c6 {
  display: -webkit-inline-box;
  display: -webkit-inline-flex;
  display: -ms-inline-flexbox;
  display: inline-flex;
  -webkit-align-items: center;
  -webkit-box-align: center;
  -ms-flex-align: center;
  align-items: center;
  -webkit-box-pack: center;
  -webkit-justify-content: center;
  -ms-flex-pack: center;
  justify-content: center;
  font-family: Poppins,-apple-system,BlinkMacSystemFont,'Segoe UI',Roboto,Oxygen,Ubuntu,Cantarell,'Open Sans','Helvetica Neue',sans-serif;
  border: 1px solid transparent;
  border-radius: 0.4rem;
  cursor: pointer;
  color: #C7ECEC;
  background-color: #201C2B;
  padding: 0.5rem;
  background-color: transparent;
}

.c6:hover {
  background-color: #332756;
}

.c6 > svg {
  color: #7FFA45;
}

.c6:hover {
  border: 1px solid #7FFA45;
  background-color: transparent;
}

.c0 {
  max-width: 1060px;
  width: 100%;
  padding: 12px;
  margin: auto;
}

.c7 {
  border-bottom: 1px solid #415151;
}

.c1 {
  display: -webkit-box;
  display: -webkit-flex;
  display: -ms-flexbox;
  display: flex;
  -webkit-align-items: center;
  -webkit-box-align: center;
  -ms-flex-align: center;
  align-items: center;
  -webkit-box-pack: space-around;
  -webkit-justify-content: space-around;
  -ms-flex-pack: space-around;
  justify-content: space-around;
  padding: 12px;
  margin: auto;
}

.c2 {
  display: -webkit-box;
  display: -webkit-flex;
  display: -ms-flexbox;
  display: flex;
  -webkit-flex-direction: column;
  -ms-flex-direction: column;
  flex-direction: column;
  -webkit-align-items: center;
  -webkit-box-align: center;
  -ms-flex-align: center;
  align-items: center;
  -webkit-box-pack: center;
  -webkit-justify-content: center;
  -ms-flex-pack: center;
  justify-content: center;
  width: 100%;
}

.c4 {
  color: #C7ECEC;
  font-size: 1.2rem;
}

.c5 {
  color: #7FFA45;
  font-size: 1.2rem;
  font-weight: 600;
}

.c3 {
  height: 9rem;
  width: 100%;
}

<div
  class="c0"
>
  <div
    class="c1"
  >
    <div
      class="c2"
    >
      <img
        alt="/img/products/mouseRazer.svg"
        class="c3"
        src="/img/products/mouseRazer.svg"
      />
    </div>
    <div
      class="c2"
    >
      <h3
        class="c4"
      >
        Mouse Gamer Razer Deathadder
      </h3>
    </div>
    <div
      class="c1"
    >
      <div
        class="c2"
      >
        <span
          class="c5"
        >
          R$Â 155,90
        </span>
      </div>
      <div
        class="c2"
        style="margin-left: 24px;"
      >
        <button
          class="c6"
        >
          <svg
            fill="currentColor"
            height="1em"
            stroke="currentColor"
            stroke-width="0"
            version="1.1"
            viewBox="0 0 16 16"
            width="1em"
            xmlns="http://www.w3.org/2000/svg"
          >
            <path
              d="M15.5 6h-5.5v-5.5c0-0.276-0.224-0.5-0.5-0.5h-3c-0.276 0-0.5 0.224-0.5 0.5v5.5h-5.5c-0.276 0-0.5 0.224-0.5 0.5v3c0 0.276 0.224 0.5 0.5 0.5h5.5v5.5c0 0.276 0.224 0.5 0.5 0.5h3c0.276 0 0.5-0.224 0.5-0.5v-5.5h5.5c0.276 0 0.5-0.224 0.5-0.5v-3c0-0.276-0.224-0.5-0.5-0.5z"
            />
          </svg>
        </button>
        <button
          class="c6"
        >
          <svg
            fill="currentColor"
            height="1em"
            stroke="currentColor"
            stroke-width="0"
            version="1.1"
            viewBox="0 0 16 16"
            width="1em"
            xmlns="http://www.w3.org/2000/svg"
          >
            <path
              d="M0 6.5v3c0 0.276 0.224 0.5 0.5 0.5h15c0.276 0 0.5-0.224 0.5-0.5v-3c0-0.276-0.224-0.5-0.5-0.5h-15c-0.276 0-0.5 0.224-0.5 0.5z"
            />
          </svg>
        </button>
      </div>
    </div>
  </div>
  <div
    class="c7"
  />
</div>
`;
