// Jest Snapshot v1, https://goo.gl/fbAQLP

exports[`<ModalThanks /> should render to thanks 1`] = `
.c0 {
  z-index: 100;
}

<div
  class="c0"
/>
`;
